Archive member included to satisfy reference by file (symbol)

c:/program files (x86)/microchip/xc8/v2.05/avr/bin/../lib/gcc/avr/5.4.0/avrxmega3/short-calls\libgcc.a(_exit.o)
                              C:/Program Files (x86)/Microchip/MPLABX/v5.30/packs/Microchip/ATtiny_DFP/2.0.10/gcc/dev/attiny806/avrxmega3/short-calls/crtattiny806.o (exit)

Discarded input sections

 .data          0x00000000        0x0 C:/Program Files (x86)/Microchip/MPLABX/v5.30/packs/Microchip/ATtiny_DFP/2.0.10/gcc/dev/attiny806/avrxmega3/short-calls/crtattiny806.o
 .bss           0x00000000        0x0 C:/Program Files (x86)/Microchip/MPLABX/v5.30/packs/Microchip/ATtiny_DFP/2.0.10/gcc/dev/attiny806/avrxmega3/short-calls/crtattiny806.o
 .text          0x00000000        0x0 build/default/production/main.o
 .data          0x00000000        0x0 build/default/production/main.o
 .bss           0x00000000        0x0 build/default/production/main.o
 .text.I2C_Init
                0x00000000        0x8 build/default/production/main.o
 .text          0x00000000        0x0 c:/program files (x86)/microchip/xc8/v2.05/avr/bin/../lib/gcc/avr/5.4.0/avrxmega3/short-calls\libgcc.a(_exit.o)
 .data          0x00000000        0x0 c:/program files (x86)/microchip/xc8/v2.05/avr/bin/../lib/gcc/avr/5.4.0/avrxmega3/short-calls\libgcc.a(_exit.o)
 .bss           0x00000000        0x0 c:/program files (x86)/microchip/xc8/v2.05/avr/bin/../lib/gcc/avr/5.4.0/avrxmega3/short-calls\libgcc.a(_exit.o)
 .text.libgcc.mul
                0x00000000        0x0 c:/program files (x86)/microchip/xc8/v2.05/avr/bin/../lib/gcc/avr/5.4.0/avrxmega3/short-calls\libgcc.a(_exit.o)
 .text.libgcc.div
                0x00000000        0x0 c:/program files (x86)/microchip/xc8/v2.05/avr/bin/../lib/gcc/avr/5.4.0/avrxmega3/short-calls\libgcc.a(_exit.o)
 .text.libgcc   0x00000000        0x0 c:/program files (x86)/microchip/xc8/v2.05/avr/bin/../lib/gcc/avr/5.4.0/avrxmega3/short-calls\libgcc.a(_exit.o)
 .text.libgcc.prologue
                0x00000000        0x0 c:/program files (x86)/microchip/xc8/v2.05/avr/bin/../lib/gcc/avr/5.4.0/avrxmega3/short-calls\libgcc.a(_exit.o)
 .text.libgcc.builtins
                0x00000000        0x0 c:/program files (x86)/microchip/xc8/v2.05/avr/bin/../lib/gcc/avr/5.4.0/avrxmega3/short-calls\libgcc.a(_exit.o)
 .text.libgcc.fmul
                0x00000000        0x0 c:/program files (x86)/microchip/xc8/v2.05/avr/bin/../lib/gcc/avr/5.4.0/avrxmega3/short-calls\libgcc.a(_exit.o)
 .text.libgcc.fixed
                0x00000000        0x0 c:/program files (x86)/microchip/xc8/v2.05/avr/bin/../lib/gcc/avr/5.4.0/avrxmega3/short-calls\libgcc.a(_exit.o)

Memory Configuration

Name             Origin             Length             Attributes
text             0x00000000         0x00002000         xr
data             0x00803e00         0x00000200         rw !x
eeprom           0x00810000         0x00000080         rw !x
fuse             0x00820000         0x00000009         rw !x
lock             0x00830000         0x00000400         rw !x
signature        0x00840000         0x00000400         rw !x
user_signatures  0x00850000         0x00000400         rw !x
*default*        0x00000000         0xffffffff

Linker script and memory map

Address of section .data set to 0x803e00
                0x00008000                __RODATA_PM_OFFSET__ = 0x8000
LOAD C:/Program Files (x86)/Microchip/MPLABX/v5.30/packs/Microchip/ATtiny_DFP/2.0.10/gcc/dev/attiny806/avrxmega3/short-calls/crtattiny806.o
                0x00000001                __MPLAB_BUILD = 0x1
LOAD build/default/production/main.o
START GROUP
LOAD c:/program files (x86)/microchip/xc8/v2.05/avr/bin/../lib/gcc/avr/5.4.0/../../../../avr/lib/avrxmega3/short-calls\libm.a
END GROUP
START GROUP
LOAD c:/program files (x86)/microchip/xc8/v2.05/avr/bin/../lib/gcc/avr/5.4.0/avrxmega3/short-calls\libgcc.a
LOAD c:/program files (x86)/microchip/xc8/v2.05/avr/bin/../lib/gcc/avr/5.4.0/../../../../avr/lib/avrxmega3/short-calls\libm.a
LOAD c:/program files (x86)/microchip/xc8/v2.05/avr/bin/../lib/gcc/avr/5.4.0/../../../../avr/lib/avrxmega3/short-calls\libc.a
LOAD C:/Program Files (x86)/Microchip/MPLABX/v5.30/packs/Microchip/ATtiny_DFP/2.0.10/gcc/dev/attiny806/avrxmega3/short-calls\libattiny806.a
END GROUP
                [0x00000000]                __TEXT_REGION_ORIGIN__ = DEFINED (__TEXT_REGION_ORIGIN__)?__TEXT_REGION_ORIGIN__:0x0
                [0x00803e00]                __DATA_REGION_ORIGIN__ = DEFINED (__DATA_REGION_ORIGIN__)?__DATA_REGION_ORIGIN__:0x802000
                [0x00002000]                __TEXT_REGION_LENGTH__ = DEFINED (__TEXT_REGION_LENGTH__)?__TEXT_REGION_LENGTH__:0x100000
                [0x00000200]                __DATA_REGION_LENGTH__ = DEFINED (__DATA_REGION_LENGTH__)?__DATA_REGION_LENGTH__:0xffa0
                [0x00000080]                __EEPROM_REGION_LENGTH__ = DEFINED (__EEPROM_REGION_LENGTH__)?__EEPROM_REGION_LENGTH__:0x10000
                [0x00000009]                __FUSE_REGION_LENGTH__ = DEFINED (__FUSE_REGION_LENGTH__)?__FUSE_REGION_LENGTH__:0x400
                0x00000400                __LOCK_REGION_LENGTH__ = DEFINED (__LOCK_REGION_LENGTH__)?__LOCK_REGION_LENGTH__:0x400
                0x00000400                __SIGNATURE_REGION_LENGTH__ = DEFINED (__SIGNATURE_REGION_LENGTH__)?__SIGNATURE_REGION_LENGTH__:0x400
                0x00000400                __USER_SIGNATURE_REGION_LENGTH__ = DEFINED (__USER_SIGNATURE_REGION_LENGTH__)?__USER_SIGNATURE_REGION_LENGTH__:0x400
                0x00008000                __RODATA_PM_OFFSET__ = DEFINED (__RODATA_PM_OFFSET__)?__RODATA_PM_OFFSET__:0x8000

.hash
 *(.hash)

.dynsym
 *(.dynsym)

.dynstr
 *(.dynstr)

.gnu.version
 *(.gnu.version)

.gnu.version_d
 *(.gnu.version_d)

.gnu.version_r
 *(.gnu.version_r)

.rel.init
 *(.rel.init)

.rela.init
 *(.rela.init)

.rel.text
 *(.rel.text)
 *(.rel.text.*)
 *(.rel.gnu.linkonce.t*)

.rela.text
 *(.rela.text)
 *(.rela.text.*)
 *(.rela.gnu.linkonce.t*)

.rel.fini
 *(.rel.fini)

.rela.fini
 *(.rela.fini)

.rel.rodata
 *(.rel.rodata)
 *(.rel.rodata.*)
 *(.rel.gnu.linkonce.r*)

.rela.rodata
 *(.rela.rodata)
 *(.rela.rodata.*)
 *(.rela.gnu.linkonce.r*)

.rel.data
 *(.rel.data)
 *(.rel.data.*)
 *(.rel.gnu.linkonce.d*)

.rela.data
 *(.rela.data)
 *(.rela.data.*)
 *(.rela.gnu.linkonce.d*)

.rel.ctors
 *(.rel.ctors)

.rela.ctors
 *(.rela.ctors)

.rel.dtors
 *(.rel.dtors)

.rela.dtors
 *(.rela.dtors)

.rel.got
 *(.rel.got)

.rela.got
 *(.rela.got)

.rel.bss
 *(.rel.bss)

.rela.bss
 *(.rela.bss)

.rel.plt
 *(.rel.plt)

.rela.plt
 *(.rela.plt)

.text           0x00000000       0x52
 *(.vectors)
 .vectors       0x00000000       0x3e C:/Program Files (x86)/Microchip/MPLABX/v5.30/packs/Microchip/ATtiny_DFP/2.0.10/gcc/dev/attiny806/avrxmega3/short-calls/crtattiny806.o
                0x00000000                __vector_default
                0x00000000                __vectors
 *(.vectors)
 *(.progmem.gcc*)
 *(.dinit)
 .dinit         0x0000003e        0x0 data_init
                0x0000003e                . = ALIGN (0x2)
                0x0000003e                __trampolines_start = .
 *(.trampolines)
 .trampolines   0x0000003e        0x0 linker stubs
 *(.trampolines*)
                0x0000003e                __trampolines_end = .
 *libprintf_flt.a:*(.progmem.data)
 *libc.a:*(.progmem.data)
                0x0000003e                . = ALIGN (0x2)
 *(.jumptables)
 *(.jumptables*)
 *(.lowtext)
 *(.lowtext*)
                0x0000003e                __ctors_start = .
 *(.ctors)
                0x0000003e                __ctors_end = .
                0x0000003e                __dtors_start = .
 *(.dtors)
                0x0000003e                __dtors_end = .
 SORT(*)(.ctors)
 SORT(*)(.dtors)
 *(.init0)
 .init0         0x0000003e        0x0 C:/Program Files (x86)/Microchip/MPLABX/v5.30/packs/Microchip/ATtiny_DFP/2.0.10/gcc/dev/attiny806/avrxmega3/short-calls/crtattiny806.o
                0x0000003e                __init
 *(.init0)
 *(.init1)
 *(.init1)
 *(.init2)
 .init2         0x0000003e        0xc C:/Program Files (x86)/Microchip/MPLABX/v5.30/packs/Microchip/ATtiny_DFP/2.0.10/gcc/dev/attiny806/avrxmega3/short-calls/crtattiny806.o
 *(.init2)
 *(.init3)
 *(.init3)
 *(.init4)
 *(.init4)
 *(.init5)
 *(.init5)
 *(.init6)
 *(.init6)
 *(.init7)
 *(.init7)
 *(.init8)
 *(.init8)
 *(.init9)
 .init9         0x0000004a        0x4 C:/Program Files (x86)/Microchip/MPLABX/v5.30/packs/Microchip/ATtiny_DFP/2.0.10/gcc/dev/attiny806/avrxmega3/short-calls/crtattiny806.o
 *(.init9)
                0x0000004e                . = ALIGN (0x2)
 *(.fini9)
 .fini9         0x0000004e        0x0 c:/program files (x86)/microchip/xc8/v2.05/avr/bin/../lib/gcc/avr/5.4.0/avrxmega3/short-calls\libgcc.a(_exit.o)
                0x0000004e                _exit
                0x0000004e                exit
 *(.fini9)
 *(.fini8)
 *(.fini8)
 *(.fini7)
 *(.fini7)
 *(.fini6)
 *(.fini6)
 *(.fini5)
 *(.fini5)
 *(.fini4)
 *(.fini4)
 *(.fini3)
 *(.fini3)
 *(.fini2)
 *(.fini2)
 *(.fini1)
 *(.fini1)
 *(.fini0)
 .fini0         0x0000004e        0x4 c:/program files (x86)/microchip/xc8/v2.05/avr/bin/../lib/gcc/avr/5.4.0/avrxmega3/short-calls\libgcc.a(_exit.o)
 *(.fini0)
                0x00000052                _etext = .

.rodata
 *(.rodata)
 *(.rodata*)
 *(.gnu.linkonce.r*)

.data           0x00803e00        0x0 load address 0x00000052
                [!provide]                PROVIDE (__data_start, .)
 *(.gnu.linkonce.d*)
                0x00803e00                . = ALIGN (0x2)
                0x00803e00                _edata = .
                [!provide]                PROVIDE (__data_end, .)

.bss            0x00803e00        0x0
                [!provide]                PROVIDE (__bss_start, .)
 *(COMMON)
                [!provide]                PROVIDE (__bss_end, .)
                0x00000052                __data_load_start = LOADADDR (.data)
                0x00000052                __data_load_end = (__data_load_start + SIZEOF (.data))

.noinit         0x00803e00        0x0
                [!provide]                PROVIDE (__noinit_start, .)
 *(.noinit*)
                [!provide]                PROVIDE (__noinit_end, .)
                0x00803e00                _end = .

.eeprom         0x00810000        0x0
 *(.eeprom*)
                0x00810000                __eeprom_end = .

.fuse
 *(.fuse)
 *(.lfuse)
 *(.hfuse)
 *(.efuse)

.lock
 *(.lock*)

.signature
 *(.signature*)

.user_signatures
 *(.user_signatures*)

.stab
 *(.stab)

.stabstr
 *(.stabstr)

.stab.excl
 *(.stab.excl)

.stab.exclstr
 *(.stab.exclstr)

.stab.index
 *(.stab.index)

.stab.indexstr
 *(.stab.indexstr)

.comment        0x00000000       0x2f
 *(.comment)
 .comment       0x00000000       0x2f build/default/production/main.o
                                 0x30 (size before relaxing)

.note.gnu.build-id
 *(.note.gnu.build-id)

.debug
 *(.debug)

.line
 *(.line)

.debug_srcinfo
 *(.debug_srcinfo)

.debug_sfnames
 *(.debug_sfnames)

.debug_aranges  0x00000000       0x28
 *(.debug_aranges)
 .debug_aranges
                0x00000000       0x28 build/default/production/main.o

.debug_pubnames
 *(.debug_pubnames)

.debug_info     0x00000000     0x1928
 *(.debug_info .gnu.linkonce.wi.*)
 .debug_info    0x00000000     0x14a8 C:/Program Files (x86)/Microchip/MPLABX/v5.30/packs/Microchip/ATtiny_DFP/2.0.10/gcc/dev/attiny806/avrxmega3/short-calls/crtattiny806.o
 .debug_info    0x000014a8      0x480 build/default/production/main.o

.debug_abbrev   0x00000000     0x1439
 *(.debug_abbrev)
 .debug_abbrev  0x00000000     0x138a C:/Program Files (x86)/Microchip/MPLABX/v5.30/packs/Microchip/ATtiny_DFP/2.0.10/gcc/dev/attiny806/avrxmega3/short-calls/crtattiny806.o
 .debug_abbrev  0x0000138a       0xaf build/default/production/main.o

.debug_line     0x00000000      0x266
 *(.debug_line .debug_line.* .debug_line_end)
 .debug_line    0x00000000      0x154 C:/Program Files (x86)/Microchip/MPLABX/v5.30/packs/Microchip/ATtiny_DFP/2.0.10/gcc/dev/attiny806/avrxmega3/short-calls/crtattiny806.o
 .debug_line    0x00000154      0x112 build/default/production/main.o

.debug_frame    0x00000000       0x34
 *(.debug_frame)
 .debug_frame   0x00000000       0x34 build/default/production/main.o

.debug_str      0x00000000      0x8cf
 *(.debug_str)
 .debug_str     0x00000000      0x8cf C:/Program Files (x86)/Microchip/MPLABX/v5.30/packs/Microchip/ATtiny_DFP/2.0.10/gcc/dev/attiny806/avrxmega3/short-calls/crtattiny806.o
 .debug_str     0x000008cf        0x0 build/default/production/main.o

.debug_loc
 *(.debug_loc)

.debug_macinfo
 *(.debug_macinfo)

.debug_weaknames
 *(.debug_weaknames)

.debug_funcnames
 *(.debug_funcnames)

.debug_typenames
 *(.debug_typenames)

.debug_varnames
 *(.debug_varnames)

.debug_pubtypes
 *(.debug_pubtypes)

.debug_ranges   0x00000000       0x18
 *(.debug_ranges)
 .debug_ranges  0x00000000       0x18 build/default/production/main.o

.debug_macro
 *(.debug_macro)
OUTPUT(dist/default/production/orient_poc.X.production.elf elf32-avr)
LOAD linker stubs
LOAD data_init

.text           0x00000078        0x2
 .text          0x00000078        0x2 C:/Program Files (x86)/Microchip/MPLABX/v5.30/packs/Microchip/ATtiny_DFP/2.0.10/gcc/dev/attiny806/avrxmega3/short-calls/crtattiny806.o
                0x00000078                __vector_22
                0x00000078                __vector_28
                0x00000078                __vector_1
                0x00000078                __vector_24
                0x00000078                __vector_12
                0x00000078                __bad_interrupt
                0x00000078                __vector_6
                0x00000078                __vector_3
                0x00000078                __vector_23
                0x00000078                __vector_30
                0x00000078                __vector_25
                0x00000078                __vector_11
                0x00000078                __vector_13
                0x00000078                __vector_17
                0x00000078                __vector_19
                0x00000078                __vector_7
                0x00000078                __vector_27
                0x00000078                __vector_5
                0x00000078                __vector_4
                0x00000078                __vector_9
                0x00000078                __vector_2
                0x00000078                __vector_21
                0x00000078                __vector_15
                0x00000078                __vector_29
                0x00000078                __vector_8
                0x00000078                __vector_26
                0x00000078                __vector_14
                0x00000078                __vector_10
                0x00000078                __vector_16
                0x00000078                __vector_18
                0x00000078                __vector_20

.note.gnu.avr.deviceinfo
                0x00000000       0x3c
 .note.gnu.avr.deviceinfo
                0x00000000       0x3c C:/Program Files (x86)/Microchip/MPLABX/v5.30/packs/Microchip/ATtiny_DFP/2.0.10/gcc/dev/attiny806/avrxmega3/short-calls/crtattiny806.o

.text.main      0x00000052       0x26
 .text.main     0x00000052       0x26 build/default/production/main.o
                0x00000052                main
